2026-07-09 12:45:54,114 - INFO - ==================================================
2026-07-09 12:45:54,114 - INFO - APPLICATION STARTING
2026-07-09 12:45:54,115 - INFO - ==================================================
2026-07-09 12:45:54,115 - INFO - Creating main window
2026-07-09 12:45:54,199 - INFO - Batch size set to 50
2026-07-09 12:45:54,200 - INFO - Performing initial load
2026-07-09 12:45:54,200 - INFO - Loading history: search='', reset=True
2026-07-09 12:45:54,204 - INFO - Reset complete. Total records: 2376
2026-07-09 12:45:54,206 - INFO - Loaded 50 records
2026-07-09 12:45:54,207 - INFO - Application ready
2026-07-09 12:45:57,506 - INFO - Application closing
2026-07-09 12:45:57,507 - INFO - ==================================================
2026-07-09 12:45:57,570 - INFO - METRICS SUMMARY
2026-07-09 12:45:57,571 - INFO - ==================================================
2026-07-09 12:45:57,571 - INFO - App Started: 2026-07-09 12:45:54
2026-07-09 12:45:57,571 - INFO - Uptime: 0.06 minutes
2026-07-09 12:45:57,571 - INFO - Total Searches: 0
2026-07-09 12:45:57,571 - INFO - Top Keywords: []
2026-07-09 12:45:57,571 - INFO - Load More Clicks: 0
2026-07-09 12:45:57,572 - INFO - Records Viewed: 50
2026-07-09 12:45:57,572 - INFO - Avg Load Time: 0.007 seconds
2026-07-09 12:45:57,572 - INFO - Errors: 0
2026-07-09 12:45:57,572 - INFO - ==================================================
2026-07-09 12:45:57,572 - INFO - ==================================================
2026-07-09 12:45:57,572 - INFO - APPLICATION CLOSED
2026-07-09 12:45:57,572 - INFO - ==================================================
2026-07-10 10:35:58,053 - INFO - ==================================================
2026-07-10 10:35:58,055 - INFO - APPLICATION STARTING
2026-07-10 10:35:58,055 - INFO - ==================================================
2026-07-10 10:35:58,055 - INFO - Creating main window
2026-07-10 10:35:58,172 - INFO - Batch size set to 50
2026-07-10 10:35:58,172 - INFO - Performing initial load
2026-07-10 10:35:58,173 - INFO - Loading history: search='', reset=True
2026-07-10 10:35:58,177 - INFO - Reset complete. Total records: 2376
2026-07-10 10:35:58,178 - INFO - Loaded 50 records
2026-07-10 10:35:58,180 - INFO - Application ready
2026-07-10 10:36:03,475 - INFO - Application closing
2026-07-10 10:36:03,475 - INFO - ==================================================
2026-07-10 10:36:03,475 - INFO - METRICS SUMMARY
2026-07-10 10:36:03,475 - INFO - ==================================================
2026-07-10 10:36:03,476 - INFO - App Started: 2026-07-10 10:35:58
2026-07-10 10:36:03,476 - INFO - Uptime: 0.09 minutes
2026-07-10 10:36:03,476 - INFO - Total Searches: 0
2026-07-10 10:36:03,476 - INFO - Top Keywords: []
2026-07-10 10:36:03,476 - INFO - Load More Clicks: 0
2026-07-10 10:36:03,476 - INFO - Records Viewed: 50
2026-07-10 10:36:03,477 - INFO - Avg Load Time: 0.007 seconds
2026-07-10 10:36:03,477 - INFO - Errors: 0
2026-07-10 10:36:03,478 - INFO - ==================================================
2026-07-10 10:36:03,478 - INFO - ==================================================
2026-07-10 10:36:03,478 - INFO - APPLICATION CLOSED
2026-07-10 10:36:03,478 - INFO - ==================================================
2026-07-10 10:48:32,240 - INFO - ==================================================
2026-07-10 10:48:32,240 - INFO - APPLICATION STARTING
2026-07-10 10:48:32,241 - INFO - ==================================================
2026-07-10 10:48:32,241 - INFO - Creating main window
2026-07-10 10:48:32,326 - INFO - Batch size set to 50
2026-07-10 10:48:32,327 - INFO - Performing initial load
2026-07-10 10:48:32,327 - INFO - Loading history: search='', reset=True
2026-07-10 10:48:32,333 - INFO - Reset complete. Total records: 2376
2026-07-10 10:48:32,334 - INFO - Loaded 50 records
2026-07-10 10:48:32,335 - INFO - Application ready
2026-07-10 10:48:34,990 - INFO - Application closing
2026-07-10 10:48:34,991 - INFO - ==================================================
2026-07-10 10:48:34,992 - INFO - METRICS SUMMARY
2026-07-10 10:48:34,994 - INFO - ==================================================
2026-07-10 10:48:34,994 - INFO - App Started: 2026-07-10 10:48:32
2026-07-10 10:48:34,995 - INFO - Uptime: 0.05 minutes
2026-07-10 10:48:34,995 - INFO - Total Searches: 0
2026-07-10 10:48:34,996 - INFO - Top Keywords: []
2026-07-10 10:48:34,996 - INFO - Load More Clicks: 0
2026-07-10 10:48:34,996 - INFO - Records Viewed: 50
2026-07-10 10:48:34,997 - INFO - Avg Load Time: 0.008 seconds
2026-07-10 10:48:34,997 - INFO - Errors: 0
2026-07-10 10:48:34,997 - INFO - ==================================================
2026-07-10 10:48:34,998 - INFO - ==================================================
2026-07-10 10:48:34,998 - INFO - APPLICATION CLOSED
2026-07-10 10:48:34,998 - INFO - ==================================================
2026-07-10 10:48:35,022 - CRITICAL - Application crashed unexpectedly
2026-07-10 12:40:59,920 - INFO - ==================================================
2026-07-10 12:40:59,922 - INFO - APPLICATION STARTING
2026-07-10 12:40:59,922 - INFO - ==================================================
2026-07-10 12:40:59,923 - INFO - Creating main window
2026-07-10 12:41:00,022 - INFO - Batch size set to 50
2026-07-10 12:41:00,022 - INFO - Performing initial load
2026-07-10 12:41:00,023 - INFO - Loading history: search='', reset=True
2026-07-10 12:41:00,031 - INFO - Reset complete. Total records: 2376
2026-07-10 12:41:00,033 - INFO - Loaded 50 records
2026-07-10 12:41:00,035 - INFO - Application ready
2026-07-10 12:41:09,299 - INFO - Search performed: 'b'
2026-07-10 12:41:09,299 - INFO - Searching for: 'b'
2026-07-10 12:41:09,300 - INFO - Loading history: search='b', reset=True
2026-07-10 12:41:09,311 - INFO - Reset complete. Total records: 2110
2026-07-10 12:41:09,313 - INFO - Loaded 50 records
2026-07-10 12:41:09,721 - INFO - Search performed: 'ba'
2026-07-10 12:41:09,722 - INFO - Searching for: 'ba'
2026-07-10 12:41:09,722 - INFO - Loading history: search='ba', reset=True
2026-07-10 12:41:09,733 - INFO - Reset complete. Total records: 802
2026-07-10 12:41:09,736 - INFO - Loaded 50 records
2026-07-10 12:41:10,262 - INFO - Search performed: 'bah'
2026-07-10 12:41:10,262 - INFO - Searching for: 'bah'
2026-07-10 12:41:10,263 - INFO - Loading history: search='bah', reset=True
2026-07-10 12:41:10,277 - INFO - Reset complete. Total records: 146
2026-07-10 12:41:10,280 - INFO - Loaded 50 records
2026-07-10 12:41:10,532 - INFO - Search performed: 'bahr'
2026-07-10 12:41:10,533 - INFO - Searching for: 'bahr'
2026-07-10 12:41:10,533 - INFO - Loading history: search='bahr', reset=True
2026-07-10 12:41:10,543 - INFO - Reset complete. Total records: 126
2026-07-10 12:41:10,545 - INFO - Loaded 50 records
2026-07-10 12:41:10,963 - INFO - Search performed: 'bahri'
2026-07-10 12:41:10,964 - INFO - Searching for: 'bahri'
2026-07-10 12:41:10,964 - INFO - Loading history: search='bahri', reset=True
2026-07-10 12:41:10,974 - INFO - Reset complete. Total records: 126
2026-07-10 12:41:10,976 - INFO - Loaded 50 records
2026-07-10 12:41:11,240 - INFO - Search performed: 'bahria'
2026-07-10 12:41:11,240 - INFO - Searching for: 'bahria'
2026-07-10 12:41:11,241 - INFO - Loading history: search='bahria', reset=True
2026-07-10 12:41:11,255 - INFO - Reset complete. Total records: 126
2026-07-10 12:41:11,259 - INFO - Loaded 50 records
2026-07-10 12:41:11,848 - INFO - Search performed: 'bahria'
2026-07-10 12:41:11,849 - INFO - Searching for: 'bahria'
2026-07-10 12:41:11,849 - INFO - Loading history: search='bahria', reset=True
2026-07-10 12:41:11,863 - INFO - Reset complete. Total records: 126
2026-07-10 12:41:11,867 - INFO - Loaded 50 records
2026-07-10 12:43:27,568 - INFO - Load More clicked
2026-07-10 12:43:27,569 - INFO - Loading history: search='bahria', reset=False
2026-07-10 12:43:27,581 - INFO - Loaded 50 records
2026-07-10 12:43:39,824 - INFO - Load More clicked
2026-07-10 12:43:39,825 - INFO - Loading history: search='bahria', reset=False
2026-07-10 12:43:39,836 - INFO - Loaded 26 records
2026-07-10 12:43:39,837 - INFO - All records loaded
2026-07-10 12:43:55,225 - INFO - Application closing
2026-07-10 12:43:55,226 - INFO - ==================================================
2026-07-10 12:43:55,226 - INFO - METRICS SUMMARY
2026-07-10 12:43:55,226 - INFO - ==================================================
2026-07-10 12:43:55,226 - INFO - App Started: 2026-07-10 12:40:59
2026-07-10 12:43:55,227 - INFO - Uptime: 2.92 minutes
2026-07-10 12:43:55,227 - INFO - Total Searches: 7
2026-07-10 12:43:55,231 - INFO - Top Keywords: ['bahria', 'b', 'ba', 'bah', 'bahr']
2026-07-10 12:43:55,231 - INFO - Load More Clicks: 2
2026-07-10 12:43:55,231 - INFO - Records Viewed: 476
2026-07-10 12:43:55,232 - INFO - Avg Load Time: 0.016 seconds
2026-07-10 12:43:55,232 - INFO - Errors: 0
2026-07-10 12:43:55,233 - INFO - ==================================================
2026-07-10 12:43:55,233 - INFO - ==================================================
2026-07-10 12:43:55,233 - INFO - APPLICATION CLOSED
2026-07-10 12:43:55,233 - INFO - ==================================================
2026-07-10 12:43:55,263 - CRITICAL - Application crashed unexpectedly
2026-07-10 15:08:31,634 - INFO - ==================================================
2026-07-10 15:08:31,634 - INFO - APPLICATION STARTING
2026-07-10 15:08:31,634 - INFO - ==================================================
2026-07-10 15:08:31,634 - INFO - Creating main window
2026-07-10 15:08:31,697 - INFO - Batch size set to 50
2026-07-10 15:08:31,698 - INFO - Performing initial load
2026-07-10 15:08:31,698 - INFO - Loading history: search='', reset=True
2026-07-10 15:08:31,701 - INFO - Reset complete. Total records: 2376
2026-07-10 15:08:31,701 - INFO - Loaded 50 records
2026-07-10 15:08:31,702 - INFO - Application ready
2026-07-10 15:09:45,579 - INFO - ==================================================
2026-07-10 15:09:45,579 - INFO - APPLICATION STARTING
2026-07-10 15:09:45,580 - INFO - ==================================================
2026-07-10 15:09:45,580 - INFO - Creating main window
2026-07-10 15:09:45,670 - INFO - Batch size set to 50
2026-07-10 15:09:45,670 - INFO - Performing initial load
2026-07-10 15:09:45,671 - INFO - Loading history: search='', reset=True
2026-07-10 15:09:45,678 - INFO - Reset complete. Total records: 2376
2026-07-10 15:09:45,679 - INFO - Loaded 50 records
2026-07-10 15:09:45,681 - INFO - Application ready
2026-07-10 15:09:53,850 - INFO - Search performed: 'c'
2026-07-10 15:09:53,851 - INFO - Searching for: 'c'
2026-07-10 15:09:53,851 - INFO - Loading history: search='c', reset=True
2026-07-10 15:09:53,861 - INFO - Reset complete. Total records: 2345
2026-07-10 15:09:53,862 - INFO - Loaded 50 records
2026-07-10 15:09:55,055 - INFO - Search performed: 'ck'
2026-07-10 15:09:55,055 - INFO - Searching for: 'ck'
2026-07-10 15:09:55,055 - INFO - Loading history: search='ck', reset=True
2026-07-10 15:09:55,066 - INFO - Reset complete. Total records: 777
2026-07-10 15:09:55,068 - INFO - Loaded 50 records
2026-07-10 15:09:55,796 - INFO - Search performed: 'ckk'
2026-07-10 15:09:55,796 - INFO - Searching for: 'ckk'
2026-07-10 15:09:55,796 - INFO - Loading history: search='ckk', reset=True
2026-07-10 15:09:55,808 - INFO - Reset complete. Total records: 18
2026-07-10 15:09:55,817 - INFO - Loaded 18 records
2026-07-10 15:09:55,819 - INFO - All records loaded
2026-07-10 15:09:56,039 - INFO - Search performed: 'ckkd'
2026-07-10 15:09:56,040 - INFO - Searching for: 'ckkd'
2026-07-10 15:09:56,041 - INFO - Loading history: search='ckkd', reset=True
2026-07-10 15:09:56,063 - INFO - Reset complete. Total records: 2
2026-07-10 15:09:56,077 - INFO - Loaded 2 records
2026-07-10 15:09:56,078 - INFO - All records loaded
2026-07-10 15:09:58,042 - INFO - Loading history: search='', reset=True
2026-07-10 15:09:58,047 - INFO - Reset complete. Total records: 2376
2026-07-10 15:09:58,049 - INFO - Loaded 50 records
2026-07-10 15:09:58,981 - INFO - Search performed: 'd'
2026-07-10 15:09:58,983 - INFO - Searching for: 'd'
2026-07-10 15:09:58,983 - INFO - Loading history: search='d', reset=True
2026-07-10 15:09:58,994 - INFO - Reset complete. Total records: 2142
2026-07-10 15:09:58,996 - INFO - Loaded 50 records
2026-07-10 15:22:54,562 - INFO - Application closing
2026-07-10 15:22:54,562 - INFO - ==================================================
2026-07-10 15:22:54,563 - INFO - METRICS SUMMARY
2026-07-10 15:22:54,563 - INFO - ==================================================
2026-07-10 15:22:54,563 - INFO - App Started: 2026-07-10 15:09:45
2026-07-10 15:22:54,564 - INFO - Uptime: 13.15 minutes
2026-07-10 15:22:54,564 - INFO - Total Searches: 5
2026-07-10 15:22:54,621 - INFO - Top Keywords: ['c', 'ck', 'ckk', 'ckkd', 'd']
2026-07-10 15:22:54,623 - INFO - Load More Clicks: 0
2026-07-10 15:22:54,624 - INFO - Records Viewed: 270
2026-07-10 15:22:54,625 - INFO - Avg Load Time: 0.017 seconds
2026-07-10 15:22:54,626 - INFO - Errors: 0
2026-07-10 15:22:54,627 - INFO - ==================================================
2026-07-10 15:22:54,627 - INFO - ==================================================
2026-07-10 15:22:54,628 - INFO - APPLICATION CLOSED
2026-07-10 15:22:54,628 - INFO - ==================================================
2026-07-10 15:22:54,662 - CRITICAL - Application crashed unexpectedly
2026-07-13 10:23:29,628 - INFO - ==================================================
2026-07-13 10:23:29,628 - INFO - APPLICATION STARTING
2026-07-13 10:23:29,629 - INFO - ==================================================
2026-07-13 10:23:29,629 - INFO - Creating main window
2026-07-13 10:23:30,125 - INFO - Batch size set to 50
2026-07-13 10:23:30,126 - INFO - Performing initial load
2026-07-13 10:23:30,127 - INFO - Loading history: search='', reset=True
2026-07-13 10:23:30,164 - INFO - Reset complete. Total records: 2376
2026-07-13 10:23:30,170 - INFO - Loaded 50 records
2026-07-13 10:23:30,175 - INFO - Application ready
2026-07-13 10:23:52,053 - INFO - Application closing
2026-07-13 10:23:52,054 - INFO - ==================================================
2026-07-13 10:23:52,054 - INFO - METRICS SUMMARY
2026-07-13 10:23:52,055 - INFO - ==================================================
2026-07-13 10:23:52,055 - INFO - App Started: 2026-07-13 10:23:29
2026-07-13 10:23:52,056 - INFO - Uptime: 0.37 minutes
2026-07-13 10:23:52,056 - INFO - Total Searches: 0
2026-07-13 10:23:52,056 - INFO - Top Keywords: []
2026-07-13 10:23:52,057 - INFO - Load More Clicks: 0
2026-07-13 10:23:52,057 - INFO - Records Viewed: 50
2026-07-13 10:23:52,119 - INFO - Avg Load Time: 0.047 seconds
2026-07-13 10:23:52,120 - INFO - Errors: 0
2026-07-13 10:23:52,121 - INFO - ==================================================
2026-07-13 10:23:52,121 - INFO - ==================================================
2026-07-13 10:23:52,121 - INFO - APPLICATION CLOSED
2026-07-13 10:23:52,122 - INFO - ==================================================
2026-07-13 10:23:52,147 - CRITICAL - Application crashed unexpectedly
2026-07-13 10:27:33,428 - INFO - ==================================================
2026-07-13 10:27:33,429 - INFO - APPLICATION STARTING
2026-07-13 10:27:33,429 - INFO - ==================================================
2026-07-13 10:27:33,430 - INFO - Creating main window
2026-07-13 10:27:33,662 - INFO - Batch size set to 50
2026-07-13 10:27:33,663 - INFO - Performing initial load
2026-07-13 10:27:33,664 - INFO - Loading history: search='', reset=True
2026-07-13 10:27:33,680 - INFO - Reset complete. Total records: 2376
2026-07-13 10:27:33,683 - INFO - Loaded 50 records
2026-07-13 10:27:33,687 - INFO - Application ready
2026-07-13 10:27:55,642 - INFO - Application closing
2026-07-13 10:27:55,642 - INFO - ==================================================
2026-07-13 10:27:55,643 - INFO - METRICS SUMMARY
2026-07-13 10:27:55,643 - INFO - ==================================================
2026-07-13 10:27:55,644 - INFO - App Started: 2026-07-13 10:27:33
2026-07-13 10:27:55,644 - INFO - Uptime: 0.37 minutes
2026-07-13 10:27:55,644 - INFO - Total Searches: 0
2026-07-13 10:27:55,645 - INFO - Top Keywords: []
2026-07-13 10:27:55,645 - INFO - Load More Clicks: 0
2026-07-13 10:27:55,645 - INFO - Records Viewed: 50
2026-07-13 10:27:55,646 - INFO - Avg Load Time: 0.022 seconds
2026-07-13 10:27:55,646 - INFO - Errors: 0
2026-07-13 10:27:55,646 - INFO - ==================================================
2026-07-13 10:27:55,647 - INFO - ==================================================
2026-07-13 10:27:55,647 - INFO - APPLICATION CLOSED
2026-07-13 10:27:55,647 - INFO - ==================================================
2026-07-13 10:27:55,677 - CRITICAL - Application crashed unexpectedly
2026-07-13 16:04:36,466 - INFO - ==================================================
2026-07-13 16:04:36,467 - INFO - APPLICATION STARTING
2026-07-13 16:04:36,468 - INFO - ==================================================
2026-07-13 16:04:36,468 - WARNING - tracker.db not found! Creating from Chrome history...
2026-07-13 16:04:36,468 - INFO - Found Chrome history at: C:\Users\PMLS\AppData\Local\Google\Chrome\User Data\Default\History
2026-07-13 16:04:36,609 - INFO - Creating main window
2026-07-13 16:04:36,785 - INFO - Batch size set to 50
2026-07-13 16:04:36,786 - INFO - Performing initial load
2026-07-13 16:04:36,786 - INFO - Loading history: search='', reset=True
2026-07-13 16:04:36,790 - INFO - Reset complete. Total records: 2274
2026-07-13 16:04:36,791 - INFO - Loaded 50 records
2026-07-13 16:04:36,794 - INFO - Application ready
2026-07-13 16:04:58,961 - INFO - Application closing
2026-07-13 16:04:58,961 - INFO - ==================================================
2026-07-13 16:04:58,962 - INFO - METRICS SUMMARY
2026-07-13 16:04:58,963 - INFO - ==================================================
2026-07-13 16:04:58,963 - INFO - App Started: 2026-07-13 16:04:36
2026-07-13 16:04:58,963 - INFO - Uptime: 0.37 minutes
2026-07-13 16:04:58,964 - INFO - Total Searches: 0
2026-07-13 16:04:58,964 - INFO - Top Keywords: []
2026-07-13 16:04:58,964 - INFO - Load More Clicks: 0
2026-07-13 16:04:58,964 - INFO - Records Viewed: 50
2026-07-13 16:04:59,025 - INFO - Avg Load Time: 0.007 seconds
2026-07-13 16:04:59,026 - INFO - Errors: 0
2026-07-13 16:04:59,027 - INFO - ==================================================
2026-07-13 16:04:59,029 - INFO - ==================================================
2026-07-13 16:04:59,029 - INFO - APPLICATION CLOSED
2026-07-13 16:04:59,030 - INFO - ==================================================
2026-07-13 16:04:59,080 - CRITICAL - Application crashed unexpectedly
2026-07-14 11:15:05,552 - INFO - ==================================================
2026-07-14 11:15:05,553 - INFO - APPLICATION STARTING
2026-07-14 11:15:05,553 - INFO - App Directory: C:\Users\PMLS\Desktop\HistoryTracker
2026-07-14 11:15:05,553 - INFO - ==================================================
2026-07-14 11:15:05,568 - INFO - Creating main window
2026-07-14 11:15:05,756 - INFO - Batch size set to 50
2026-07-14 11:15:05,757 - INFO - Performing initial load
2026-07-14 11:15:05,757 - INFO - Loading history: search='', reset=True
2026-07-14 11:15:05,817 - INFO - Reset complete. Total records: 2274
2026-07-14 11:15:05,819 - INFO - Loaded 50 records
2026-07-14 11:15:05,821 - INFO - Application ready
2026-07-14 11:15:21,207 - INFO - Load More clicked
2026-07-14 11:15:21,208 - INFO - Loading history: search='', reset=False
2026-07-14 11:15:21,210 - INFO - Loaded 50 records
2026-07-14 11:15:35,095 - INFO - Application closing
2026-07-14 11:15:35,095 - INFO - ==================================================
2026-07-14 11:15:35,095 - INFO - METRICS SUMMARY
2026-07-14 11:15:35,096 - INFO - ==================================================
2026-07-14 11:15:35,097 - INFO - App Started: 2026-07-14 11:15:05
2026-07-14 11:15:35,097 - INFO - Uptime: 0.49 minutes
2026-07-14 11:15:35,097 - INFO - Total Searches: 0
2026-07-14 11:15:35,097 - INFO - Top Keywords: []
2026-07-14 11:15:35,098 - INFO - Load More Clicks: 1
2026-07-14 11:15:35,098 - INFO - Records Viewed: 100
2026-07-14 11:15:35,099 - INFO - Avg Load Time: 0.033 seconds
2026-07-14 11:15:35,099 - INFO - Errors: 0
2026-07-14 11:15:35,099 - INFO - ==================================================
2026-07-14 11:15:35,100 - INFO - ==================================================
2026-07-14 11:15:35,100 - INFO - APPLICATION CLOSED
2026-07-14 11:15:35,101 - INFO - ==================================================
2026-07-14 11:15:35,129 - CRITICAL - Application crashed unexpectedly
2026-07-16 15:00:26,117 - INFO - ==================================================
2026-07-16 15:00:26,118 - INFO - APPLICATION STARTING
2026-07-16 15:00:26,118 - INFO - App Directory: C:\Users\PMLS\Desktop\HistoryTracker
2026-07-16 15:00:26,119 - INFO - ==================================================
2026-07-16 15:00:26,145 - INFO - Creating main window
2026-07-16 15:00:26,437 - INFO - Batch size set to 50
2026-07-16 15:00:26,438 - INFO - Performing initial load
2026-07-16 15:00:26,439 - INFO - Loading history: search='', reset=True
2026-07-16 15:00:26,534 - INFO - Reset complete. Total records: 2274
2026-07-16 15:00:26,537 - INFO - Loaded 50 records
2026-07-16 15:00:26,545 - INFO - Application ready
2026-07-16 15:01:41,915 - INFO - Application closing
2026-07-16 15:01:41,916 - INFO - ==================================================
2026-07-16 15:01:41,917 - INFO - METRICS SUMMARY
2026-07-16 15:01:41,917 - INFO - ==================================================
2026-07-16 15:01:41,918 - INFO - App Started: 2026-07-16 15:00:26
2026-07-16 15:01:41,918 - INFO - Uptime: 1.26 minutes
2026-07-16 15:01:41,918 - INFO - Total Searches: 0
2026-07-16 15:01:41,919 - INFO - Top Keywords: []
2026-07-16 15:01:41,919 - INFO - Load More Clicks: 0
2026-07-16 15:01:41,919 - INFO - Records Viewed: 50
2026-07-16 15:01:41,920 - INFO - Avg Load Time: 0.105 seconds
2026-07-16 15:01:41,921 - INFO - Errors: 0
2026-07-16 15:01:41,921 - INFO - ==================================================
2026-07-16 15:01:41,921 - INFO - ==================================================
2026-07-16 15:01:41,921 - INFO - APPLICATION CLOSED
2026-07-16 15:01:41,921 - INFO - ==================================================
2026-07-16 15:01:41,946 - CRITICAL - Application crashed unexpectedly
2026-07-16 15:01:54,793 - INFO - ==================================================
2026-07-16 15:01:54,793 - INFO - APPLICATION STARTING
2026-07-16 15:01:54,794 - INFO - App Directory: C:\Users\PMLS\Desktop\HistoryTracker
2026-07-16 15:01:54,794 - INFO - ==================================================
2026-07-16 15:01:54,809 - INFO - Creating main window
2026-07-16 15:01:54,914 - INFO - Batch size set to 50
2026-07-16 15:01:54,915 - INFO - Performing initial load
2026-07-16 15:01:54,915 - INFO - Loading history: search='', reset=True
2026-07-16 15:01:54,999 - INFO - Reset complete. Total records: 2274
2026-07-16 15:01:55,001 - INFO - Loaded 50 records
2026-07-16 15:01:55,004 - INFO - Application ready
2026-07-16 15:05:52,316 - INFO - Application closing
2026-07-16 15:05:52,317 - INFO - ==================================================
2026-07-16 15:05:52,317 - INFO - METRICS SUMMARY
2026-07-16 15:05:52,317 - INFO - ==================================================
2026-07-16 15:05:52,317 - INFO - App Started: 2026-07-16 15:01:54
2026-07-16 15:05:52,317 - INFO - Uptime: 3.96 minutes
2026-07-16 15:05:52,318 - INFO - Total Searches: 0
2026-07-16 15:05:52,318 - INFO - Top Keywords: []
2026-07-16 15:05:52,318 - INFO - Load More Clicks: 0
2026-07-16 15:05:52,318 - INFO - Records Viewed: 50
2026-07-16 15:05:52,320 - INFO - Avg Load Time: 0.088 seconds
2026-07-16 15:05:52,321 - INFO - Errors: 0
2026-07-16 15:05:52,322 - INFO - ==================================================
2026-07-16 15:05:52,322 - INFO - ==================================================
2026-07-16 15:05:52,323 - INFO - APPLICATION CLOSED
2026-07-16 15:05:52,323 - INFO - ==================================================
2026-07-16 15:05:52,355 - CRITICAL - Application crashed unexpectedly
2026-07-16 15:06:17,268 - INFO - ==================================================
2026-07-16 15:06:17,269 - INFO - APPLICATION STARTING
2026-07-16 15:06:17,269 - INFO - App Directory: C:\Users\PMLS\Desktop\HistoryTracker
2026-07-16 15:06:17,269 - INFO - ==================================================
2026-07-16 15:06:17,270 - WARNING - tracker.db not found! Creating from Chrome history...
2026-07-16 15:06:17,270 - INFO - Found Chrome history at: C:\Users\PMLS\AppData\Local\Google\Chrome\User Data\Default\History
2026-07-16 15:06:17,431 - INFO - Creating main window
2026-07-16 15:06:17,539 - INFO - Batch size set to 50
2026-07-16 15:06:17,539 - INFO - Performing initial load
2026-07-16 15:06:17,540 - INFO - Loading history: search='', reset=True
2026-07-16 15:06:17,544 - INFO - Reset complete. Total records: 2338
2026-07-16 15:06:17,545 - INFO - Loaded 50 records
2026-07-16 15:06:17,547 - INFO - Application ready
2026-07-16 15:09:23,195 - INFO - Application closing
2026-07-16 15:09:23,195 - INFO - ==================================================
2026-07-16 15:09:23,196 - INFO - METRICS SUMMARY
2026-07-16 15:09:23,196 - INFO - ==================================================
2026-07-16 15:09:23,197 - INFO - App Started: 2026-07-16 15:06:17
2026-07-16 15:09:23,197 - INFO - Uptime: 3.1 minutes
2026-07-16 15:09:23,197 - INFO - Total Searches: 0
2026-07-16 15:09:23,197 - INFO - Top Keywords: []
2026-07-16 15:09:23,197 - INFO - Load More Clicks: 0
2026-07-16 15:09:23,197 - INFO - Records Viewed: 50
2026-07-16 15:09:23,198 - INFO - Avg Load Time: 0.007 seconds
2026-07-16 15:09:23,198 - INFO - Errors: 0
2026-07-16 15:09:23,198 - INFO - ==================================================
2026-07-16 15:09:23,198 - INFO - ==================================================
2026-07-16 15:09:23,198 - INFO - APPLICATION CLOSED
2026-07-16 15:09:23,198 - INFO - ==================================================
2026-07-16 15:09:23,215 - CRITICAL - Application crashed unexpectedly
2026-07-16 15:10:09,349 - INFO - ==================================================
2026-07-16 15:10:09,350 - INFO - APPLICATION STARTING
2026-07-16 15:10:09,350 - INFO - App Directory: C:\Users\PMLS\Desktop\HistoryTracker
2026-07-16 15:10:09,350 - INFO - ==================================================
2026-07-16 15:10:09,364 - INFO - Creating main window
2026-07-16 15:10:09,462 - INFO - Batch size set to 50
2026-07-16 15:10:09,462 - INFO - Performing initial load
2026-07-16 15:10:09,463 - INFO - Loading history: search='', reset=True
2026-07-16 15:10:09,469 - INFO - Reset complete. Total records: 2338
2026-07-16 15:10:09,470 - INFO - Loaded 50 records
2026-07-16 15:10:09,473 - INFO - Application ready
2026-07-16 15:10:17,930 - INFO - Application closing
2026-07-16 15:10:17,930 - INFO - ==================================================
2026-07-16 15:10:17,930 - INFO - METRICS SUMMARY
2026-07-16 15:10:17,931 - INFO - ==================================================
2026-07-16 15:10:17,931 - INFO - App Started: 2026-07-16 15:10:09
2026-07-16 15:10:17,931 - INFO - Uptime: 0.14 minutes
2026-07-16 15:10:17,932 - INFO - Total Searches: 0
2026-07-16 15:10:17,932 - INFO - Top Keywords: []
2026-07-16 15:10:17,933 - INFO - Load More Clicks: 0
2026-07-16 15:10:17,933 - INFO - Records Viewed: 50
2026-07-16 15:10:17,933 - INFO - Avg Load Time: 0.010 seconds
2026-07-16 15:10:17,933 - INFO - Errors: 0
2026-07-16 15:10:17,933 - INFO - ==================================================
2026-07-16 15:10:17,933 - INFO - ==================================================
2026-07-16 15:10:17,933 - INFO - APPLICATION CLOSED
2026-07-16 15:10:17,933 - INFO - ==================================================
2026-07-16 15:10:17,955 - CRITICAL - Application crashed unexpectedly
2026-07-22 11:41:36,614 - INFO - ==================================================
2026-07-22 11:41:36,616 - INFO - APPLICATION STARTING
2026-07-22 11:41:36,617 - INFO - App Directory: C:\Users\PMLS\Desktop\HistoryTracker
2026-07-22 11:41:36,618 - INFO - PostgreSQL Available: False
2026-07-22 11:41:36,618 - INFO - ==================================================
2026-07-22 11:41:36,656 - INFO - Creating main window
2026-07-22 11:41:37,058 - INFO - Batch size set to 50
2026-07-22 11:41:37,059 - INFO - Performing initial load
2026-07-22 11:41:37,059 - INFO - Loading history: search='', reset=True
2026-07-22 11:41:37,182 - INFO - Reset complete. Total records: 2338
2026-07-22 11:41:37,184 - INFO - Loaded 50 records
2026-07-22 11:41:37,186 - INFO - Application ready
2026-07-22 11:41:41,412 - INFO - Application closing
2026-07-22 11:41:41,412 - INFO - ==================================================
2026-07-22 11:41:41,413 - INFO - METRICS SUMMARY
2026-07-22 11:41:41,413 - INFO - ==================================================
2026-07-22 11:41:41,413 - INFO - App Started: 2026-07-22 11:41:36
2026-07-22 11:41:41,414 - INFO - Uptime: 0.08 minutes
2026-07-22 11:41:41,414 - INFO - Total Searches: 0
2026-07-22 11:41:41,414 - INFO - Top Keywords: []
2026-07-22 11:41:41,415 - INFO - Load More Clicks: 0
2026-07-22 11:41:41,415 - INFO - Records Viewed: 50
2026-07-22 11:41:41,416 - INFO - Avg Load Time: 0.126 seconds
2026-07-22 11:41:41,416 - INFO - Errors: 0
2026-07-22 11:41:41,417 - INFO - ==================================================
2026-07-22 11:41:41,417 - INFO - ==================================================
2026-07-22 11:41:41,418 - INFO - APPLICATION CLOSED
2026-07-22 11:41:41,418 - INFO - ==================================================
2026-07-22 11:41:41,456 - CRITICAL - Application crashed unexpectedly
2026-07-23 10:41:22,273 - INFO - ==================================================
2026-07-23 10:41:22,273 - INFO - APPLICATION STARTING
2026-07-23 10:41:22,273 - INFO - App Directory: C:\Users\PMLS\Desktop\HistoryTracker
2026-07-23 10:41:22,274 - INFO - PostgreSQL Available: False
2026-07-23 10:41:22,274 - INFO - ==================================================
2026-07-23 10:41:22,291 - INFO - Creating main window
2026-07-23 10:41:22,510 - INFO - Batch size set to 50
2026-07-23 10:41:22,511 - INFO - Performing initial load
2026-07-23 10:41:22,511 - INFO - Loading history: search='', reset=True
2026-07-23 10:41:22,615 - INFO - Reset complete. Total records: 2338
2026-07-23 10:41:22,617 - INFO - Loaded 50 records
2026-07-23 10:41:22,619 - INFO - Application ready
2026-07-23 10:41:48,084 - INFO - Application closing
2026-07-23 10:41:48,084 - INFO - ==================================================
2026-07-23 10:41:48,085 - INFO - METRICS SUMMARY
2026-07-23 10:41:48,085 - INFO - ==================================================
2026-07-23 10:41:48,085 - INFO - App Started: 2026-07-23 10:41:22
2026-07-23 10:41:48,085 - INFO - Uptime: 0.43 minutes
2026-07-23 10:41:48,085 - INFO - Total Searches: 0
2026-07-23 10:41:48,086 - INFO - Top Keywords: []
2026-07-23 10:41:48,086 - INFO - Load More Clicks: 0
2026-07-23 10:41:48,086 - INFO - Records Viewed: 50
2026-07-23 10:41:48,087 - INFO - Avg Load Time: 0.107 seconds
2026-07-23 10:41:48,087 - INFO - Errors: 0
2026-07-23 10:41:48,087 - INFO - ==================================================
2026-07-23 10:41:48,087 - INFO - ==================================================
2026-07-23 10:41:48,088 - INFO - APPLICATION CLOSED
2026-07-23 10:41:48,088 - INFO - ==================================================
2026-07-23 10:41:48,115 - CRITICAL - Application crashed unexpectedly
